🔄 Chargement de l'historique local...
📅 Dernière date enregistrée dans historique_linky.csv : 2026-08-28
🔍 Traitement du fichier brut 'historique_linky_brut.csv' s'il existe...
🌐 Interrogation API pour la période du 2026-08-29 au 2026-08-30...
✅ 1 nouvelles journées récupérées via l'API !
🎉 Mis à jour ! Total d'enregistrements : 1227 (+1 ajouts).
📁 Fichier sauvegardé : /home/seb/sonoff-energy/historique_linky.csv
🔄 Chargement de l'historique local...
📅 Dernière date enregistrée dans historique_linky.csv : 2026-08-29
🔍 Traitement du fichier brut 'historique_linky_brut.csv' s'il existe...
🌐 Interrogation API pour la période du 2026-08-30 au 2026-08-31...
✅ 1 nouvelles journées récupérées via l'API !
🎉 Mis à jour ! Total d'enregistrements : 1228 (+1 ajouts).
📁 Fichier sauvegardé : /home/seb/sonoff-energy/historique_linky.csv
🔄 Chargement de l'historique local...
📅 Dernière date enregistrée dans historique_linky.csv : 2026-08-30
🔍 Traitement du fichier brut 'historique_linky_brut.csv' s'il existe...
🌐 Interrogation API pour la période du 2026-08-31 au 2026-09-01...
✅ 1 nouvelles journées récupérées via l'API !
🎉 Mis à jour ! Total d'enregistrements : 1229 (+1 ajouts).
📁 Fichier sauvegardé : /home/seb/sonoff-energy/historique_linky.csv
🔄 Chargement de l'historique local...
📅 Dernière date enregistrée dans historique_linky.csv : 2026-08-31
🔍 Traitement du fichier brut 'historique_linky_brut.csv' s'il existe...
🌐 Interrogation API pour la période du 2026-09-01 au 2026-09-02...
✅ 1 nouvelles journées récupérées via l'API !
🎉 Mis à jour ! Total d'enregistrements : 1230 (+1 ajouts).
📁 Fichier sauvegardé : /home/seb/sonoff-energy/historique_linky.csv
🔄 Chargement de l'historique local...
📅 Dernière date enregistrée dans historique_linky.csv : 2026-09-01
🔍 Traitement du fichier brut 'historique_linky_brut.csv' s'il existe...
🌐 Interrogation API pour la période du 2026-09-02 au 2026-09-03...
✅ 1 nouvelles journées récupérées via l'API !
🎉 Mis à jour ! Total d'enregistrements : 1231 (+1 ajouts).
📁 Fichier sauvegardé : /home/seb/sonoff-energy/historique_linky.csv
🔄 Chargement de l'historique local...
📅 Dernière date enregistrée dans historique_linky.csv : 2026-09-02
🔍 Traitement du fichier brut 'historique_linky_brut.csv' s'il existe...
🌐 Interrogation API pour la période du 2026-09-03 au 2026-09-04...
✅ 1 nouvelles journées récupérées via l'API !
🎉 Mis à jour ! Total d'enregistrements : 1232 (+1 ajouts).
📁 Fichier sauvegardé : /home/seb/sonoff-energy/historique_linky.csv
🔄 Chargement de l'historique local...
📅 Dernière date enregistrée dans historique_linky.csv : 2026-09-03
🔍 Traitement du fichier brut 'historique_linky_brut.csv' s'il existe...
🌐 Interrogation API pour la période du 2026-09-04 au 2026-09-05...
✅ 1 nouvelles journées récupérées via l'API !
🎉 Mis à jour ! Total d'enregistrements : 1233 (+1 ajouts).
📁 Fichier sauvegardé : /home/seb/sonoff-energy/historique_linky.csv
🔄 Chargement de l'historique local...
📅 Dernière date enregistrée dans historique_linky.csv : 2026-09-04
🔍 Traitement du fichier brut 'historique_linky_brut.csv' s'il existe...
🌐 Interrogation API pour la période du 2026-09-05 au 2026-09-06...
✅ 1 nouvelles journées récupérées via l'API !
🎉 Mis à jour ! Total d'enregistrements : 1234 (+1 ajouts).
📁 Fichier sauvegardé : /home/seb/sonoff-energy/historique_linky.csv
🔄 Chargement de l'historique local...
📅 Dernière date enregistrée dans historique_linky.csv : 2026-09-05
🔍 Traitement du fichier brut 'historique_linky_brut.csv' s'il existe...
🌐 Interrogation API pour la période du 2026-09-06 au 2026-09-07...
✅ 1 nouvelles journées récupérées via l'API !
🎉 Mis à jour ! Total d'enregistrements : 1235 (+1 ajouts).
📁 Fichier sauvegardé : /home/seb/sonoff-energy/historique_linky.csv
🔄 Chargement de l'historique local...
📅 Dernière date enregistrée dans historique_linky.csv : 2026-09-06
🔍 Traitement du fichier brut 'historique_linky_brut.csv' s'il existe...
🌐 Interrogation API pour la période du 2026-09-07 au 2026-09-08...
✅ 1 nouvelles journées récupérées via l'API !
🎉 Mis à jour ! Total d'enregistrements : 1236 (+1 ajouts).
📁 Fichier sauvegardé : /home/seb/sonoff-energy/historique_linky.csv
🔄 Chargement de l'historique local...
📅 Dernière date enregistrée dans historique_linky.csv : 2026-09-07
🔍 Traitement du fichier brut 'historique_linky_brut.csv' s'il existe...
🌐 Interrogation API pour la période du 2026-09-08 au 2026-09-09...
✅ 1 nouvelles journées récupérées via l'API !
🎉 Mis à jour ! Total d'enregistrements : 1237 (+1 ajouts).
📁 Fichier sauvegardé : /home/seb/sonoff-energy/historique_linky.csv
🔄 Chargement de l'historique local...
📅 Dernière date enregistrée dans historique_linky.csv : 2026-09-08
🔍 Traitement du fichier brut 'historique_linky_brut.csv' s'il existe...
🌐 Interrogation API pour la période du 2026-09-09 au 2026-09-10...
✅ 1 nouvelles journées récupérées via l'API !
🎉 Mis à jour ! Total d'enregistrements : 1238 (+1 ajouts).
📁 Fichier sauvegardé : /home/seb/sonoff-energy/historique_linky.csv
🔄 Chargement de l'historique local...
📅 Dernière date enregistrée dans historique_linky.csv : 2026-09-09
🔍 Traitement du fichier brut 'historique_linky_brut.csv' s'il existe...
🌐 Interrogation API pour la période du 2026-09-10 au 2026-09-11...
✅ 1 nouvelles journées récupérées via l'API !
🎉 Mis à jour ! Total d'enregistrements : 1239 (+1 ajouts).
📁 Fichier sauvegardé : /home/seb/sonoff-energy/historique_linky.csv
🔄 Chargement de l'historique local...
📅 Dernière date enregistrée dans historique_linky.csv : 2026-09-10
🔍 Traitement du fichier brut 'historique_linky_brut.csv' s'il existe...
🌐 Interrogation API pour la période du 2026-09-11 au 2026-09-12...
✅ 1 nouvelles journées récupérées via l'API !
🎉 Mis à jour ! Total d'enregistrements : 1240 (+1 ajouts).
📁 Fichier sauvegardé : /home/seb/sonoff-energy/historique_linky.csv
🔄 Chargement de l'historique local...
📅 Dernière date enregistrée dans historique_linky.csv : 2026-09-11
🔍 Traitement du fichier brut 'historique_linky_brut.csv' s'il existe...
🌐 Interrogation API pour la période du 2026-09-12 au 2026-09-13...
✅ 1 nouvelles journées récupérées via l'API !
🎉 Mis à jour ! Total d'enregistrements : 1241 (+1 ajouts).
📁 Fichier sauvegardé : /home/seb/sonoff-energy/historique_linky.csv
🔄 Chargement de l'historique local...
📅 Dernière date enregistrée dans historique_linky.csv : 2026-09-12
🔍 Traitement du fichier brut 'historique_linky_brut.csv' s'il existe...
🌐 Interrogation API pour la période du 2026-09-13 au 2026-09-14...
✅ 1 nouvelles journées récupérées via l'API !
🎉 Mis à jour ! Total d'enregistrements : 1242 (+1 ajouts).
📁 Fichier sauvegardé : /home/seb/sonoff-energy/historique_linky.csv
🔄 Chargement de l'historique local...
📅 Dernière date enregistrée dans historique_linky.csv : 2026-09-13
🔍 Traitement du fichier brut 'historique_linky_brut.csv' s'il existe...
🌐 Interrogation API pour la période du 2026-09-14 au 2026-09-15...
✅ 1 nouvelles journées récupérées via l'API !
🎉 Mis à jour ! Total d'enregistrements : 1243 (+1 ajouts).
📁 Fichier sauvegardé : /home/seb/sonoff-energy/historique_linky.csv
🔄 Chargement de l'historique local...
📅 Dernière date enregistrée dans historique_linky.csv : 2026-09-14
🔍 Traitement du fichier brut 'historique_linky_brut.csv' s'il existe...
🌐 Interrogation API pour la période du 2026-09-15 au 2026-09-16...
✅ 1 nouvelles journées récupérées via l'API !
🎉 Mis à jour ! Total d'enregistrements : 1244 (+1 ajouts).
📁 Fichier sauvegardé : /home/seb/sonoff-energy/historique_linky.csv
🔄 Chargement de l'historique local...
📅 Dernière date enregistrée dans historique_linky.csv : 2026-09-15
🔍 Traitement du fichier brut 'historique_linky_brut.csv' s'il existe...
🌐 Interrogation API pour la période du 2026-09-16 au 2026-09-17...
✅ 1 nouvelles journées récupérées via l'API !
🎉 Mis à jour ! Total d'enregistrements : 1245 (+1 ajouts).
📁 Fichier sauvegardé : /home/seb/sonoff-energy/historique_linky.csv
🔄 Chargement de l'historique local...
📅 Dernière date enregistrée dans historique_linky.csv : 2026-09-16
🔍 Traitement du fichier brut 'historique_linky_brut.csv' s'il existe...
🌐 Interrogation API pour la période du 2026-09-17 au 2026-09-18...
✅ 1 nouvelles journées récupérées via l'API !
🎉 Mis à jour ! Total d'enregistrements : 1246 (+1 ajouts).
📁 Fichier sauvegardé : /home/seb/sonoff-energy/historique_linky.csv
🔄 Chargement de l'historique local...
📅 Dernière date enregistrée dans historique_linky.csv : 2026-09-17
🔍 Traitement du fichier brut 'historique_linky_brut.csv' s'il existe...
🌐 Interrogation API pour la période du 2026-09-18 au 2026-09-19...
✅ 1 nouvelles journées récupérées via l'API !
🎉 Mis à jour ! Total d'enregistrements : 1247 (+1 ajouts).
📁 Fichier sauvegardé : /home/seb/sonoff-energy/historique_linky.csv
🔄 Chargement de l'historique local...
📅 Dernière date enregistrée dans historique_linky.csv : 2026-09-18
🔍 Traitement du fichier brut 'historique_linky_brut.csv' s'il existe...
🌐 Interrogation API pour la période du 2026-09-19 au 2026-09-20...
✅ 1 nouvelles journées récupérées via l'API !
🎉 Mis à jour ! Total d'enregistrements : 1248 (+1 ajouts).
📁 Fichier sauvegardé : /home/seb/sonoff-energy/historique_linky.csv
🔄 Chargement de l'historique local...
📅 Dernière date enregistrée dans historique_linky.csv : 2026-09-19
🔍 Traitement du fichier brut 'historique_linky_brut.csv' s'il existe...
🌐 Interrogation API pour la période du 2026-09-20 au 2026-09-21...
✅ 1 nouvelles journées récupérées via l'API !
🎉 Mis à jour ! Total d'enregistrements : 1249 (+1 ajouts).
📁 Fichier sauvegardé : /home/seb/sonoff-energy/historique_linky.csv
🔄 Chargement de l'historique local...
📅 Dernière date enregistrée dans historique_linky.csv : 2026-09-20
🔍 Traitement du fichier brut 'historique_linky_brut.csv' s'il existe...
🌐 Interrogation API pour la période du 2026-09-21 au 2026-09-22...
✅ 1 nouvelles journées récupérées via l'API !
🎉 Mis à jour ! Total d'enregistrements : 1250 (+1 ajouts).
📁 Fichier sauvegardé : /home/seb/sonoff-energy/historique_linky.csv
🔄 Chargement de l'historique local...
📅 Dernière date enregistrée dans historique_linky.csv : 2026-09-21
🔍 Traitement du fichier brut 'historique_linky_brut.csv' s'il existe...
🌐 Interrogation API pour la période du 2026-09-22 au 2026-09-23...
✅ 1 nouvelles journées récupérées via l'API !
🎉 Mis à jour ! Total d'enregistrements : 1251 (+1 ajouts).
📁 Fichier sauvegardé : /home/seb/sonoff-energy/historique_linky.csv
