❌ *Erreur DCA Inattendue*
`kraken {"error":["ETrade:User Locked"]}`
❌ *Erreur DCA Inattendue*
`kraken {"error":["ETrade:User Locked"]}`
🤖 *Smart DCA Exécuté*
Tendance : BAISSIÈRE 📉
Achat : 0.000099 BTC
Prix : 60624.00 € | SMA200 : 75188.44 €
Investi : 6 €
🤖 *Smart DCA Exécuté*
Tendance : BAISSIÈRE 📉
Achat : 0.000095 BTC
Prix : 62907.70 € | SMA200 : 74020.37 €
Investi : 6 €
🤖 *Smart DCA Exécuté*
Tendance : BAISSIÈRE 📉
Achat : 0.000089 BTC
Prix : 67211.00 € | SMA200 : 72682.37 €
Investi : 6 €
🤖 *Smart DCA Exécuté*
Tendance : BAISSIÈRE 📉
Achat : 0.000090 BTC
Prix : 66947.70 € | SMA200 : 71594.27 €
Investi : 6 €
🤖 *Smart DCA Exécuté*
Tendance : BAISSIÈRE 📉
Achat : 0.000086 BTC
Prix : 69874.00 € | SMA200 : 70751.66 €
Investi : 6 €
🤖 *Smart DCA Exécuté*
Tendance : BAISSIÈRE 📉
Achat : 0.000090 BTC
Prix : 66680.00 € | SMA200 : 69755.46 €
Investi : 6 €
🤖 *Smart DCA Exécuté*
Tendance : BAISSIÈRE 📉
Achat : 0.000091 BTC
Prix : 66164.70 € | SMA200 : 68842.51 €
Investi : 6 €
🤖 *Smart DCA Exécuté*
Tendance : BAISSIÈRE 📉
Achat : 0.000095 BTC
Prix : 63175.70 € | SMA200 : 67955.41 €
Investi : 6 €
🤖 *Smart DCA Exécuté*
Tendance : BAISSIÈRE 📉
Achat : 0.000109 BTC
Prix : 54965.60 € | SMA200 : 67070.87 €
Investi : 6 €
🤖 *Smart DCA Exécuté*
Tendance : BAISSIÈRE 📉
Achat : 0.000106 BTC
Prix : 56661.90 € | SMA200 : 66338.07 €
Investi : 6 €
🤖 *Smart DCA Exécuté*
Tendance : BAISSIÈRE 📉
Achat : 0.000109 BTC
Prix : 55182.80 € | SMA200 : 65552.03 €
Investi : 6 €
🤖 *Smart DCA Exécuté*
Tendance : BAISSIÈRE 📉
Achat : 0.000115 BTC
Prix : 52253.70 € | SMA200 : 64680.48 €
Investi : 6 €
🤖 *Smart DCA Exécuté*
Tendance : BAISSIÈRE 📉
Achat : 0.000108 BTC
Prix : 55608.70 € | SMA200 : 63959.18 €
Investi : 6 €
🤖 *Smart DCA Exécuté*
Tendance : BAISSIÈRE 📉
Achat : 0.000107 BTC
Prix : 55907.00 € | SMA200 : 63286.49 €
Investi : 6 €
🤖 *Smart DCA Exécuté*
Tendance : BAISSIÈRE 📉
Achat : 0.000106 BTC
Prix : 56606.70 € | SMA200 : 62641.65 €
Investi : 6 €
🤖 *Smart DCA Exécuté*
Tendance : BAISSIÈRE 📉
Achat : 0.000105 BTC
Prix : 57375.90 € | SMA200 : 61905.11 €
Investi : 6 €
🤖 *Smart DCA Exécuté*
Tendance : BAISSIÈRE 📉
Achat : 0.000109 BTC
Prix : 55026.30 € | SMA200 : 61036.79 €
Investi : 6 €
🤖 *Smart DCA Exécuté*
Tendance : BAISSIÈRE 📉
Achat : 0.000107 BTC
Prix : 56118.90 € | SMA200 : 60233.89 €
Investi : 6 €
🤖 *Smart DCA Exécuté*
Tendance : BAISSIÈRE 📉
Achat : 0.000110 BTC
Prix : 54300.70 € | SMA200 : 59555.25 €
Investi : 6 €
🤖 *Smart DCA Exécuté*
Tendance : HAUSSIÈRE 🚀
Achat : 0.000180 BTC
Prix : 66507.80 € | SMA200 : 59537.55 €
Investi : 12 €
🤖 *Smart DCA Exécuté*
Tendance : HAUSSIÈRE 🚀
Achat : 0.000179 BTC
Prix : 67005.50 € | SMA200 : 59871.86 €
Investi : 12 €
🤖 *Smart DCA Exécuté*
Tendance : HAUSSIÈRE 🚀
Achat : 0.000173 BTC
Prix : 69202.00 € | SMA200 : 60254.74 €
Investi : 12 €
🤖 *Smart DCA Exécuté*
Tendance : HAUSSIÈRE 🚀
Achat : 0.000181 BTC
Prix : 66279.50 € | SMA200 : 60599.01 €
Investi : 12 €
🤖 *Smart DCA Exécuté*
Tendance : HAUSSIÈRE 🚀
Achat : 0.000170 BTC
Prix : 70680.00 € | SMA200 : 60961.14 €
Investi : 12 €
